<html>
<body>
<pre>
<h1>µVision Build Log</h1>
<h2>Tool Versions:</h2>
IDE-Version: µVision V5.39.0.0
Copyright (C) 2023 ARM Ltd and ARM Germany GmbH. All rights reserved.
License Information: Kyle G, The University of Utah, LIC=----
 
Tool Versions:
Toolchain:       MDK-Lite  Version: 5.39.0.0
Toolchain Path:  D:\.embArmK\ARM\ARMCLANG\Bin
C Compiler:      ArmClang.exe V6.21
Assembler:       Armasm.exe V6.21
Linker/Locator:  ArmLink.exe V6.21
Library Manager: ArmAr.exe V6.21
Hex Converter:   FromElf.exe V6.21
CPU DLL:         SARMCM3.DLL V5.39.0.0
Dialog DLL:      DARMCM1.DLL V1.19.6.0
Target DLL:      STLink\ST-LINKIII-KEIL_SWO.dll V3.2.0.0
Dialog DLL:      TARMCM1.DLL V1.14.6.0
 
<h2>Project:</h2>
D:\OneDrive - University of Utah\.UofU\.Masters\2.Spring2024\1.ECE6780 EmbeddedSysDesign\.LABs\lab3\lab3_proj\MDK-ARM\lab3_proj.uvprojx
Project File Date:  02/15/2024

<h2>Output:</h2>
*** Using Compiler 'V6.21', folder: 'D:\.embArmK\ARM\ARMCLANG\Bin'
Build target 'lab3_proj'
compiling main.c...
linking...
Program Size: Code=3282 RO-data=274 RW-data=12 ZI-data=1644  
FromELF: creating hex file...
"lab3_proj\lab3_proj.axf" - 0 Error(s), 0 Warning(s).

<h2>Software Packages used:</h2>

Package Vendor: ARM
                https://www.keil.com/pack/ARM.CMSIS.6.0.0.pack
                ARM::CMSIS@6.0.0
                CMSIS (Common Microcontroller Software Interface Standard)
   * Component: CORE Version: 6.0.0

Package Vendor: Keil
                https://www.keil.com/pack/Keil.STM32F0xx_DFP.2.1.1.pack
                Keil::STM32F0xx_DFP@2.1.1
                STMicroelectronics STM32F0 Series Device Support, Drivers and Examples

<h2>Collection of Component include folders:</h2>
  ./RTE/_lab3_proj
  C:/Users/HARMANDALI/AppData/Local/Arm/Packs/ARM/CMSIS/6.0.0/CMSIS/Core/Include
  C:/Users/HARMANDALI/AppData/Local/Arm/Packs/Keil/STM32F0xx_DFP/2.1.1/Drivers/CMSIS/Device/ST/STM32F0xx/Include

<h2>Collection of Component Files used:</h2>

   * Component: ARM::CMSIS:CORE@6.0.0
      Include file:  CMSIS/Core/Include/tz_context.h
Build Time Elapsed:  00:00:01
</pre>
</body>
</html>
